 
       ==============================================
       |                                            |
       |                 C R E S T                  |
       |                                            |
       |  Conformer-Rotamer Ensemble Sampling Tool  |
       |          based on the GFN methods          |
       |             P.Pracht, S.Grimme             |
       |          Universitaet Bonn, MCTC           |
       ==============================================
       Version 2.12,   Thu 19. Mai 16:32:32 CEST 2022
  Using the xTB program. Compatible with xTB version 6.4.0
 
   Cite work conducted with this code as

   • P.Pracht, F.Bohle, S.Grimme, PCCP, 2020, 22, 7169-7192.
   • S.Grimme, JCTC, 2019, 15, 2847-2862.

   and for works involving QCG as

   • S.Spicher, C.Plett, P.Pracht, A.Hansen, S.Grimme,
     JCTC, 2022, 18 (5), 3174-3189.
 
   with help from:
   C.Bannwarth, F.Bohle, S.Ehlert, S.Grimme,
   C.Plett, P.Pracht, S.Spicher
 
   This program is distributed in the hope that it will be useful,
   but WITHOUT ANY WARRANTY; without even the implied warranty of
   MERCHANTABILITY or FITNESS FOR A PARTICULAR PURPOSE.

 Command line input:
 > crest 00081_r_0.xyz -T 28 -gfn2 -chrg 0 -uhf 0 -rthr 0.25 -shake 1 --mdlen 0.5

  -T 28 (CPUs/Threads selected)
  -gfn2 : Use of GFN2-xTB requested.
  -chrg 0
  -uhf 0
  -rthr 0.25
  --mdlen 0.5 (MD length in ps)
 
 -------------------------
 xTB Geometry Optimization
 -------------------------
 Geometry successfully optimized.
 
------------------------------------------------
Generating MTD length from a flexibility measure
------------------------------------------------
 Calculating WBOs... done.
 Calculating NCI flexibility... done.
     covalent flexibility measure :   0.545
 non-covalent flexibility measure :   0.692
 flexibility measure :   0.528
 t(MTD) / ps set by command line  :     0.5
 t(MTD) / ps    :     0.5
 Σ(t(MTD)) / ps :     7.0 (14 MTDs)
 
-------------------------------------
Starting a trial MTD to test settings
-------------------------------------
 Estimated runtime for one MTD (0.5 ps) on a single thread: 2 min 26 sec
 Estimated runtime for a batch of 14 MTDs on 28 threads: 1 min 13 sec
 
 list of Vbias parameters applied:
$metadyn    0.00300   1.300
$metadyn    0.00150   1.300
$metadyn    0.00075   1.300
$metadyn    0.00300   0.780
$metadyn    0.00150   0.780
$metadyn    0.00075   0.780
$metadyn    0.00300   0.468
$metadyn    0.00150   0.468
$metadyn    0.00075   0.468
$metadyn    0.00300   0.281
$metadyn    0.00150   0.281
$metadyn    0.00075   0.281
$metadyn    0.00100   0.100
$metadyn    0.00500   0.800
 
*******************************************************************************************
**                        N E W    I T E R A T I O N    C Y C L E                        **
*******************************************************************************************
 
========================================
            MTD Iteration  1
========================================
 
     ========================================
     |         Meta-MD (MTD) Sampling       |
     ========================================
 
Starting Meta-MD   1 with the settings:
     MD time /ps        :     0.5
     dt /fs             :     5.0
     dumpstep(trj) /fs  :     100
     dumpstep(Vbias)/ps :     1.0
     Vbias factor k /Eh :  0.3960
     Vbias exp α /bohr⁻²:    1.30
Starting Meta-MD   2 with the settings:
     MD time /ps        :     0.5
     dt /fs             :     5.0
     dumpstep(trj) /fs  :     100
     dumpstep(Vbias)/ps :     1.0
     Vbias factor k /Eh :  0.1980
     Vbias exp α /bohr⁻²:    1.30
Starting Meta-MD  14 with the settings:
     MD time /ps        :     0.5
     dt /fs             :     5.0
     dumpstep(trj) /fs  :     100
     dumpstep(Vbias)/ps :     1.0
     Vbias factor k /Eh :  0.6600
     Vbias exp α /bohr⁻²:    0.80
Starting Meta-MD  11 with the settings:
     MD time /ps        :     0.5
     dt /fs             :     5.0
     dumpstep(trj) /fs  :     100
     dumpstep(Vbias)/ps :     1.0
     Vbias factor k /Eh :  0.1980
     Vbias exp α /bohr⁻²:    0.28
Starting Meta-MD  12 with the settings:
     MD time /ps        :     0.5
     dt /fs             :     5.0
     dumpstep(trj) /fs  :     100
     dumpstep(Vbias)/ps :     1.0
     Vbias factor k /Eh :  0.0990
     Vbias exp α /bohr⁻²:    0.28
Starting Meta-MD   4 with the settings:
     MD time /ps        :     0.5
     dt /fs             :     5.0
     dumpstep(trj) /fs  :     100
     dumpstep(Vbias)/ps :     1.0
     Vbias factor k /Eh :  0.3960
     Vbias exp α /bohr⁻²:    0.78
Starting Meta-MD   7 with the settings:
     MD time /ps        :     0.5
     dt /fs             :     5.0
     dumpstep(trj) /fs  :     100
     dumpstep(Vbias)/ps :     1.0
     Vbias factor k /Eh :  0.3960
     Vbias exp α /bohr⁻²:    0.47
Starting Meta-MD   9 with the settings:
     MD time /ps        :     0.5
     dt /fs             :     5.0
     dumpstep(trj) /fs  :     100
     dumpstep(Vbias)/ps :     1.0
     Vbias factor k /Eh :  0.0990
     Vbias exp α /bohr⁻²:    0.47
Starting Meta-MD   5 with the settings:
     MD time /ps        :     0.5
     dt /fs             :     5.0
     dumpstep(trj) /fs  :     100
     dumpstep(Vbias)/ps :     1.0
     Vbias factor k /Eh :  0.1980
     Vbias exp α /bohr⁻²:    0.78
Starting Meta-MD   6 with the settings:
     MD time /ps        :     0.5
     dt /fs             :     5.0
     dumpstep(trj) /fs  :     100
     dumpstep(Vbias)/ps :     1.0
     Vbias factor k /Eh :  0.0990
     Vbias exp α /bohr⁻²:    0.78
Starting Meta-MD  13 with the settings:
     MD time /ps        :     0.5
     dt /fs             :     5.0
     dumpstep(trj) /fs  :     100
     dumpstep(Vbias)/ps :     1.0
     Vbias factor k /Eh :  0.1320
     Vbias exp α /bohr⁻²:    0.10
Starting Meta-MD   8 with the settings:
     MD time /ps        :     0.5
     dt /fs             :     5.0
     dumpstep(trj) /fs  :     100
     dumpstep(Vbias)/ps :     1.0
     Vbias factor k /Eh :  0.1980
     Vbias exp α /bohr⁻²:    0.47
Starting Meta-MD   3 with the settings:
     MD time /ps        :     0.5
     dt /fs             :     5.0
     dumpstep(trj) /fs  :     100
     dumpstep(Vbias)/ps :     1.0
     Vbias factor k /Eh :  0.0990
     Vbias exp α /bohr⁻²:    1.30
Starting Meta-MD  10 with the settings:
     MD time /ps        :     0.5
     dt /fs             :     5.0
     dumpstep(trj) /fs  :     100
     dumpstep(Vbias)/ps :     1.0
     Vbias factor k /Eh :  0.3960
     Vbias exp α /bohr⁻²:    0.28
*Meta-MTD 13 finished*
*Meta-MTD 7 finished*
*Meta-MTD 8 finished*
*Meta-MTD 4 finished*
*Meta-MTD 14 finished*
*Meta-MTD 5 finished*
*Meta-MTD 1 finished*
*Meta-MTD 9 finished*
*Meta-MTD 2 finished*
*Meta-MTD 3 finished*
*Meta-MTD 11 finished*
*Meta-MTD 10 finished*
*Meta-MTD 6 finished*
*Meta-MTD 12 finished*
 
-----------------------
Multilevel Optimization
-----------------------
 
 -------------------------
 1. crude pre-optimization
 -------------------------
 Optimizing all 56 structures from file "crest_rotamers_0.xyz" ...
 1 2 3 4 5 6 7 8 9 10 11 12 13 14 15 16 17 18 19 20 21 22 23 24 25 26 27 28 29 30 31 32 33 34 35 36 37 38 39 40 41 42 43 44 45 46 47 48 49 50 51 52 53 54 55 56
 done.
 running RMSDs...
 done.
 E lowest :  -180.10416
 52 structures remain within    12.00 kcal/mol window
 
 -------------------------------------
 2. optimization with tight thresholds
 -------------------------------------
 Optimizing all 53 structures from file "crest_rotamers_1.xyz" ...
 1 2 3 4 5 6 7 8 9 10 11 12 13 14 15 16 17 18 19 20 21 22 23 24 25 26 27 28 29 30 31 32 33 34 35 36 37 38 39 40 41 42 43 44 45 46 47 48 49 50 51 52 53
 done.
 running RMSDs...
 done.
 E lowest :  -180.10995
 34 structures remain within     6.00 kcal/mol window
 
 
========================================
            MTD Iteration  2
========================================
 
     ========================================
     |         Meta-MD (MTD) Sampling       |
     ========================================
 
Starting Meta-MD   1 with the settings:
     MD time /ps        :     0.5
     dt /fs             :     5.0
     dumpstep(trj) /fs  :     100
     dumpstep(Vbias)/ps :     1.0
     Vbias factor k /Eh :  0.3960
     Vbias exp α /bohr⁻²:    1.30
Starting Meta-MD   3 with the settings:
     MD time /ps        :     0.5
     dt /fs             :     5.0
     dumpstep(trj) /fs  :     100
     dumpstep(Vbias)/ps :     1.0
     Vbias factor k /Eh :  0.0990
     Vbias exp α /bohr⁻²:    1.30
Starting Meta-MD   2 with the settings:
     MD time /ps        :     0.5
     dt /fs             :     5.0
     dumpstep(trj) /fs  :     100
     dumpstep(Vbias)/ps :     1.0
     Vbias factor k /Eh :  0.1980
     Vbias exp α /bohr⁻²:    1.30
Starting Meta-MD   5 with the settings:
     MD time /ps        :     0.5
     dt /fs             :     5.0
     dumpstep(trj) /fs  :     100
     dumpstep(Vbias)/ps :     1.0
     Vbias factor k /Eh :  0.1980
     Vbias exp α /bohr⁻²:    0.78
Starting Meta-MD   4 with the settings:
     MD time /ps        :     0.5
     dt /fs             :     5.0
     dumpstep(trj) /fs  :     100
     dumpstep(Vbias)/ps :     1.0
     Vbias factor k /Eh :  0.3960
     Vbias exp α /bohr⁻²:    0.78
Starting Meta-MD   6 with the settings:
     MD time /ps        :     0.5
     dt /fs             :     5.0
     dumpstep(trj) /fs  :     100
     dumpstep(Vbias)/ps :     1.0
     Vbias factor k /Eh :  0.0990
     Vbias exp α /bohr⁻²:    0.78
Starting Meta-MD   7 with the settings:
     MD time /ps        :     0.5
     dt /fs             :     5.0
     dumpstep(trj) /fs  :     100
     dumpstep(Vbias)/ps :     1.0
     Vbias factor k /Eh :  0.3960
     Vbias exp α /bohr⁻²:    0.47
Starting Meta-MD   8 with the settings:
     MD time /ps        :     0.5
     dt /fs             :     5.0
     dumpstep(trj) /fs  :     100
     dumpstep(Vbias)/ps :     1.0
     Vbias factor k /Eh :  0.1980
     Vbias exp α /bohr⁻²:    0.47
Starting Meta-MD   9 with the settings:
     MD time /ps        :     0.5
     dt /fs             :     5.0
     dumpstep(trj) /fs  :     100
     dumpstep(Vbias)/ps :     1.0
     Vbias factor k /Eh :  0.0990
     Vbias exp α /bohr⁻²:    0.47
Starting Meta-MD  10 with the settings:
     MD time /ps        :     0.5
     dt /fs             :     5.0
     dumpstep(trj) /fs  :     100
     dumpstep(Vbias)/ps :     1.0
     Vbias factor k /Eh :  0.3960
     Vbias exp α /bohr⁻²:    0.28
Starting Meta-MD  11 with the settings:
     MD time /ps        :     0.5
     dt /fs             :     5.0
     dumpstep(trj) /fs  :     100
     dumpstep(Vbias)/ps :     1.0
     Vbias factor k /Eh :  0.1980
     Vbias exp α /bohr⁻²:    0.28
Starting Meta-MD  12 with the settings:
     MD time /ps        :     0.5
     dt /fs             :     5.0
     dumpstep(trj) /fs  :     100
     dumpstep(Vbias)/ps :     1.0
     Vbias factor k /Eh :  0.0990
     Vbias exp α /bohr⁻²:    0.28
*Meta-MTD 7 finished*
*Meta-MTD 4 finished*
*Meta-MTD 9 finished*
*Meta-MTD 2 finished*
*Meta-MTD 3 finished*
*Meta-MTD 8 finished*
*Meta-MTD 12 finished*
*Meta-MTD 10 finished*
*Meta-MTD 5 finished*
*Meta-MTD 1 finished*
*Meta-MTD 6 finished*
*Meta-MTD 11 finished*
 
-----------------------
Multilevel Optimization
-----------------------
 
 -------------------------
 1. crude pre-optimization
 -------------------------
 Optimizing all 48 structures from file "crest_rotamers_0.xyz" ...
 1 2 3 4 5 6 7 8 9 10 11 12 13 14 15 16 17 18 19 20 21 22 23 24 25 26 27 28 29 30 31 32 33 34 35 36 37 38 39 40 41 42 43 44 45 46 47 48
 done.
 running RMSDs...
 done.
 E lowest :  -180.10903
 43 structures remain within    12.00 kcal/mol window
 
 -------------------------------------
 2. optimization with tight thresholds
 -------------------------------------
 Optimizing all 44 structures from file "crest_rotamers_1.xyz" ...
 1 2 3 4 5 6 7 8 9 10 11 12 13 14 15 16 17 18 19 20 21 22 23 24 25 26 27 28 29 30 31 32 33 34 35 36 37 38 39 40 41 42 43 44
 done.
 running RMSDs...
 done.
 E lowest :  -180.11339
 22 structures remain within     6.00 kcal/mol window
 
 ...............................................
 A new lower conformer was found!
 Improved by    0.00344 Eh or    2.15855kcal/mol
 ...............................................
 
========================================
            MTD Iteration  3
========================================
 
     ========================================
     |         Meta-MD (MTD) Sampling       |
     ========================================
 
Starting Meta-MD   1 with the settings:
     MD time /ps        :     0.5
     dt /fs             :     5.0
     dumpstep(trj) /fs  :     100
     dumpstep(Vbias)/ps :     1.0
     Vbias factor k /Eh :  0.3960
     Vbias exp α /bohr⁻²:    1.30
Starting Meta-MD   2 with the settings:
     MD time /ps        :     0.5
     dt /fs             :     5.0
     dumpstep(trj) /fs  :     100
     dumpstep(Vbias)/ps :     1.0
     Vbias factor k /Eh :  0.1980
     Vbias exp α /bohr⁻²:    1.30
Starting Meta-MD   3 with the settings:
     MD time /ps        :     0.5
     dt /fs             :     5.0
     dumpstep(trj) /fs  :     100
     dumpstep(Vbias)/ps :     1.0
     Vbias factor k /Eh :  0.0990
     Vbias exp α /bohr⁻²:    1.30
Starting Meta-MD   4 with the settings:
     MD time /ps        :     0.5
     dt /fs             :     5.0
     dumpstep(trj) /fs  :     100
     dumpstep(Vbias)/ps :     1.0
     Vbias factor k /Eh :  0.3960
     Vbias exp α /bohr⁻²:    0.78
Starting Meta-MD   5 with the settings:
     MD time /ps        :     0.5
     dt /fs             :     5.0
     dumpstep(trj) /fs  :     100
     dumpstep(Vbias)/ps :     1.0
     Vbias factor k /Eh :  0.1980
     Vbias exp α /bohr⁻²:    0.78
Starting Meta-MD   6 with the settings:
     MD time /ps        :     0.5
     dt /fs             :     5.0
     dumpstep(trj) /fs  :     100
     dumpstep(Vbias)/ps :     1.0
     Vbias factor k /Eh :  0.0990
     Vbias exp α /bohr⁻²:    0.78
Starting Meta-MD   7 with the settings:
     MD time /ps        :     0.5
     dt /fs             :     5.0
     dumpstep(trj) /fs  :     100
     dumpstep(Vbias)/ps :     1.0
     Vbias factor k /Eh :  0.3960
     Vbias exp α /bohr⁻²:    0.47
Starting Meta-MD   8 with the settings:
     MD time /ps        :     0.5
     dt /fs             :     5.0
     dumpstep(trj) /fs  :     100
     dumpstep(Vbias)/ps :     1.0
     Vbias factor k /Eh :  0.1980
     Vbias exp α /bohr⁻²:    0.47
Starting Meta-MD   9 with the settings:
     MD time /ps        :     0.5
     dt /fs             :     5.0
     dumpstep(trj) /fs  :     100
     dumpstep(Vbias)/ps :     1.0
     Vbias factor k /Eh :  0.0990
     Vbias exp α /bohr⁻²:    0.47
Starting Meta-MD  10 with the settings:
     MD time /ps        :     0.5
     dt /fs             :     5.0
     dumpstep(trj) /fs  :     100
     dumpstep(Vbias)/ps :     1.0
     Vbias factor k /Eh :  0.3960
     Vbias exp α /bohr⁻²:    0.28
Starting Meta-MD  11 with the settings:
     MD time /ps        :     0.5
     dt /fs             :     5.0
     dumpstep(trj) /fs  :     100
     dumpstep(Vbias)/ps :     1.0
     Vbias factor k /Eh :  0.1980
     Vbias exp α /bohr⁻²:    0.28
Starting Meta-MD  12 with the settings:
     MD time /ps        :     0.5
     dt /fs             :     5.0
     dumpstep(trj) /fs  :     100
     dumpstep(Vbias)/ps :     1.0
     Vbias factor k /Eh :  0.0990
     Vbias exp α /bohr⁻²:    0.28
*Meta-MTD 3 finished*
*Meta-MTD 11 finished*
*Meta-MTD 5 finished*
*Meta-MTD 8 finished*
*Meta-MTD 2 finished*
*Meta-MTD 4 finished*
*Meta-MTD 7 finished*
*Meta-MTD 9 finished*
*Meta-MTD 12 finished*
*Meta-MTD 6 finished*
*Meta-MTD 1 finished*
*Meta-MTD 10 finished*
 
-----------------------
Multilevel Optimization
-----------------------
 
 -------------------------
 1. crude pre-optimization
 -------------------------
 Optimizing all 48 structures from file "crest_rotamers_0.xyz" ...
 1 2 3 4 5 6 7 8 9 10 11 12 13 14 15 16 17 18 19 20 21 22 23 24 25 26 27 28 29 30 31 32 33 34 35 36 37 38 39 40 41 42 43 44 45 46 47 48
 done.
 running RMSDs...
 done.
 E lowest :  -180.11226
 43 structures remain within    12.00 kcal/mol window
 
 -------------------------------------
 2. optimization with tight thresholds
 -------------------------------------
 Optimizing all 44 structures from file "crest_rotamers_1.xyz" ...
 1 2 3 4 5 6 7 8 9 10 11 12 13 14 15 16 17 18 19 20 21 22 23 24 25 26 27 28 29 30 31 32 33 34 35 36 37 38 39 40 41 42 43 44
 done.
 running RMSDs...
 done.
 E lowest :  -180.11433
 24 structures remain within     6.00 kcal/mol window
 
 ...............................................
 A new lower conformer was found!
 Improved by    0.00093 Eh or    0.58645kcal/mol
 ...............................................
 
========================================
            MTD Iteration  4
========================================
 
     ========================================
     |         Meta-MD (MTD) Sampling       |
     ========================================
 
Starting Meta-MD   1 with the settings:
     MD time /ps        :     0.5
     dt /fs             :     5.0
     dumpstep(trj) /fs  :     100
     dumpstep(Vbias)/ps :     1.0
     Vbias factor k /Eh :  0.3960
     Vbias exp α /bohr⁻²:    1.30
Starting Meta-MD   3 with the settings:
     MD time /ps        :     0.5
     dt /fs             :     5.0
     dumpstep(trj) /fs  :     100
     dumpstep(Vbias)/ps :     1.0
     Vbias factor k /Eh :  0.0990
     Vbias exp α /bohr⁻²:    1.30
Starting Meta-MD   2 with the settings:
     MD time /ps        :     0.5
     dt /fs             :     5.0
     dumpstep(trj) /fs  :     100
     dumpstep(Vbias)/ps :     1.0
     Vbias factor k /Eh :  0.1980
     Vbias exp α /bohr⁻²:    1.30
Starting Meta-MD   4 with the settings:
     MD time /ps        :     0.5
     dt /fs             :     5.0
     dumpstep(trj) /fs  :     100
     dumpstep(Vbias)/ps :     1.0
     Vbias factor k /Eh :  0.3960
     Vbias exp α /bohr⁻²:    0.78
Starting Meta-MD   5 with the settings:
     MD time /ps        :     0.5
     dt /fs             :     5.0
     dumpstep(trj) /fs  :     100
     dumpstep(Vbias)/ps :     1.0
     Vbias factor k /Eh :  0.1980
     Vbias exp α /bohr⁻²:    0.78
Starting Meta-MD   6 with the settings:
     MD time /ps        :     0.5
     dt /fs             :     5.0
     dumpstep(trj) /fs  :     100
     dumpstep(Vbias)/ps :     1.0
     Vbias factor k /Eh :  0.0990
     Vbias exp α /bohr⁻²:    0.78
Starting Meta-MD   7 with the settings:
     MD time /ps        :     0.5
     dt /fs             :     5.0
     dumpstep(trj) /fs  :     100
     dumpstep(Vbias)/ps :     1.0
     Vbias factor k /Eh :  0.3960
     Vbias exp α /bohr⁻²:    0.47
Starting Meta-MD   9 with the settings:
     MD time /ps        :     0.5
     dt /fs             :     5.0
     dumpstep(trj) /fs  :     100
     dumpstep(Vbias)/ps :     1.0
     Vbias factor k /Eh :  0.0990
     Vbias exp α /bohr⁻²:    0.47
Starting Meta-MD   8 with the settings:
     MD time /ps        :     0.5
     dt /fs             :     5.0
     dumpstep(trj) /fs  :     100
     dumpstep(Vbias)/ps :     1.0
     Vbias factor k /Eh :  0.1980
     Vbias exp α /bohr⁻²:    0.47
Starting Meta-MD  10 with the settings:
     MD time /ps        :     0.5
     dt /fs             :     5.0
     dumpstep(trj) /fs  :     100
     dumpstep(Vbias)/ps :     1.0
     Vbias factor k /Eh :  0.3960
     Vbias exp α /bohr⁻²:    0.28
Starting Meta-MD  11 with the settings:
     MD time /ps        :     0.5
     dt /fs             :     5.0
     dumpstep(trj) /fs  :     100
     dumpstep(Vbias)/ps :     1.0
     Vbias factor k /Eh :  0.1980
     Vbias exp α /bohr⁻²:    0.28
Starting Meta-MD  12 with the settings:
     MD time /ps        :     0.5
     dt /fs             :     5.0
     dumpstep(trj) /fs  :     100
     dumpstep(Vbias)/ps :     1.0
     Vbias factor k /Eh :  0.0990
     Vbias exp α /bohr⁻²:    0.28
*Meta-MTD 9 finished*
*Meta-MTD 11 finished*
*Meta-MTD 10 finished*
*Meta-MTD 7 finished*
*Meta-MTD 2 finished*
*Meta-MTD 4 finished*
*Meta-MTD 1 finished*
*Meta-MTD 3 finished*
*Meta-MTD 6 finished*
*Meta-MTD 12 finished*
*Meta-MTD 5 finished*
*Meta-MTD 8 finished*
 
-----------------------
Multilevel Optimization
-----------------------
 
 -------------------------
 1. crude pre-optimization
 -------------------------
 Optimizing all 48 structures from file "crest_rotamers_0.xyz" ...
 1 2 3 4 5 6 7 8 9 10 11 12 13 14 15 16 17 18 19 20 21 22 23 24 25 26 27 28 29 30 31 32 33 34 35 36 37 38 39 40 41 42 43 44 45 46 47 48
 done.
 running RMSDs...
 done.
 E lowest :  -180.11243
 44 structures remain within    12.00 kcal/mol window
 
 -------------------------------------
 2. optimization with tight thresholds
 -------------------------------------
 Optimizing all 45 structures from file "crest_rotamers_1.xyz" ...
 1 2 3 4 5 6 7 8 9 10 11 12 13 14 15 16 17 18 19 20 21 22 23 24 25 26 27 28 29 30 31 32 33 34 35 36 37 38 39 40 41 42 43 44 45
 done.
 running RMSDs...
 done.
 E lowest :  -180.11562
 26 structures remain within     6.00 kcal/mol window
 
 ...............................................
 A new lower conformer was found!
 Improved by    0.00130 Eh or    0.81332kcal/mol
 ...............................................
 
========================================
            MTD Iteration  5
========================================
 
     ========================================
     |         Meta-MD (MTD) Sampling       |
     ========================================
 
Starting Meta-MD   1 with the settings:
     MD time /ps        :     0.5
     dt /fs             :     5.0
     dumpstep(trj) /fs  :     100
     dumpstep(Vbias)/ps :     1.0
     Vbias factor k /Eh :  0.3960
     Vbias exp α /bohr⁻²:    1.30
Starting Meta-MD   2 with the settings:
     MD time /ps        :     0.5
     dt /fs             :     5.0
     dumpstep(trj) /fs  :     100
     dumpstep(Vbias)/ps :     1.0
     Vbias factor k /Eh :  0.1980
     Vbias exp α /bohr⁻²:    1.30
Starting Meta-MD   3 with the settings:
     MD time /ps        :     0.5
     dt /fs             :     5.0
     dumpstep(trj) /fs  :     100
     dumpstep(Vbias)/ps :     1.0
     Vbias factor k /Eh :  0.0990
     Vbias exp α /bohr⁻²:    1.30
Starting Meta-MD   5 with the settings:
     MD time /ps        :     0.5
     dt /fs             :     5.0
     dumpstep(trj) /fs  :     100
     dumpstep(Vbias)/ps :     1.0
     Vbias factor k /Eh :  0.1980
     Vbias exp α /bohr⁻²:    0.78
Starting Meta-MD   4 with the settings:
     MD time /ps        :     0.5
     dt /fs             :     5.0
     dumpstep(trj) /fs  :     100
     dumpstep(Vbias)/ps :     1.0
     Vbias factor k /Eh :  0.3960
     Vbias exp α /bohr⁻²:    0.78
Starting Meta-MD   7 with the settings:
     MD time /ps        :     0.5
     dt /fs             :     5.0
     dumpstep(trj) /fs  :     100
     dumpstep(Vbias)/ps :     1.0
     Vbias factor k /Eh :  0.3960
     Vbias exp α /bohr⁻²:    0.47
Starting Meta-MD   6 with the settings:
     MD time /ps        :     0.5
     dt /fs             :     5.0
     dumpstep(trj) /fs  :     100
     dumpstep(Vbias)/ps :     1.0
     Vbias factor k /Eh :  0.0990
     Vbias exp α /bohr⁻²:    0.78
Starting Meta-MD   8 with the settings:
     MD time /ps        :     0.5
     dt /fs             :     5.0
     dumpstep(trj) /fs  :     100
     dumpstep(Vbias)/ps :     1.0
     Vbias factor k /Eh :  0.1980
     Vbias exp α /bohr⁻²:    0.47
Starting Meta-MD   9 with the settings:
     MD time /ps        :     0.5
     dt /fs             :     5.0
     dumpstep(trj) /fs  :     100
     dumpstep(Vbias)/ps :     1.0
     Vbias factor k /Eh :  0.0990
     Vbias exp α /bohr⁻²:    0.47
Starting Meta-MD  10 with the settings:
     MD time /ps        :     0.5
     dt /fs             :     5.0
     dumpstep(trj) /fs  :     100
     dumpstep(Vbias)/ps :     1.0
     Vbias factor k /Eh :  0.3960
     Vbias exp α /bohr⁻²:    0.28
Starting Meta-MD  11 with the settings:
     MD time /ps        :     0.5
     dt /fs             :     5.0
     dumpstep(trj) /fs  :     100
     dumpstep(Vbias)/ps :     1.0
     Vbias factor k /Eh :  0.1980
     Vbias exp α /bohr⁻²:    0.28
Starting Meta-MD  12 with the settings:
     MD time /ps        :     0.5
     dt /fs             :     5.0
     dumpstep(trj) /fs  :     100
     dumpstep(Vbias)/ps :     1.0
     Vbias factor k /Eh :  0.0990
     Vbias exp α /bohr⁻²:    0.28
*Meta-MTD 4 finished*
*Meta-MTD 1 finished*
*Meta-MTD 3 finished*
*Meta-MTD 5 finished*
*Meta-MTD 7 finished*
*Meta-MTD 12 finished*
*Meta-MTD 11 finished*
*Meta-MTD 8 finished*
*Meta-MTD 2 finished*
*Meta-MTD 10 finished*
*Meta-MTD 6 finished*
*Meta-MTD 9 finished*
 
-----------------------
Multilevel Optimization
-----------------------
 
 -------------------------
 1. crude pre-optimization
 -------------------------
 Optimizing all 48 structures from file "crest_rotamers_0.xyz" ...
 1 2 3 4 5 6 7 8 9 10 11 12 13 14 15 16 17 18 19 20 21 22 23 24 25 26 27 28 29 30 31 32 33 34 35 36 37 38 39 40 41 42 43 44 45 46 47 48
 done.
 running RMSDs...
 done.
 E lowest :  -180.11456
 43 structures remain within    12.00 kcal/mol window
 
 -------------------------------------
 2. optimization with tight thresholds
 -------------------------------------
 Optimizing all 44 structures from file "crest_rotamers_1.xyz" ...
 1 2 3 4 5 6 7 8 9 10 11 12 13 14 15 16 17 18 19 20 21 22 23 24 25 26 27 28 29 30 31 32 33 34 35 36 37 38 39 40 41 42 43 44
 done.
 running RMSDs...
 done.
 E lowest :  -180.11657
 25 structures remain within     6.00 kcal/mol window
 
 ...............................................
 A new lower conformer was found!
 Improved by    0.00095 Eh or    0.59585kcal/mol
 ...............................................
========================================
            MTD Iterations done         
========================================
 Collecting ensmbles.
 running RMSDs...
 done.
 E lowest :  -180.11657
 95 structures remain within     6.00 kcal/mol window
 
 -------------------------------
 Additional orientation sampling
 -------------------------------
 Optimizing all 178 structures from file "oh_ensemble.xyz" ...
 1 2 3 4 5 6 7 8 9 10 11 12 13 14 15 16 17 18 19 20 21 22 23 24 25 26 27 28 29 30 31 32 33 34 35 36 37 38 39 40 41 42 43 44 45 46 47 48 49 50 51 52 53 54 55 56 57 58 59 60 61 62 63 64 65 66 67 68 69 70 71 72 73 74 75 76 77 78 79 80 81 82 83 84 85 86 87 88 89 90 91 92 93 94 95 96 97 98 99 100 101 102 103 104 105 106 107 108 109 110 111 112 113 114 115 116 117 118 119 120 121 122 123 124 125 126 127 128 129 130 131 132 133 134 135 136 137 138 139 140 141 142 143 144 145 146 147 148 149 150 151 152 153 154 155 156 157 158 159 160 161 162 163 164 165 166 167 168 169 170 171 172 173 174 175 176 177 178
 done.
 running RMSDs...
 done.
 E lowest :  -180.11657
 259 structures remain within     6.00 kcal/mol window
 
-----------------------------------------------
Additional regular MDs on lowest 4 conformer(s)
-----------------------------------------------
Starting MD   1 with the settings:
     MD time /ps        :     0.2
     MD Temperature /K  :   400.0
     dt /fs             :     5.0
     dumpstep(trj) /fs  :     100
Starting MD   3 with the settings:
     MD time /ps        :     0.2
     MD Temperature /K  :   400.0
     dt /fs             :     5.0
     dumpstep(trj) /fs  :     100
Starting MD   2 with the settings:
     MD time /ps        :     0.2
     MD Temperature /K  :   500.0
     dt /fs             :     5.0
     dumpstep(trj) /fs  :     100
Starting MD   4 with the settings:
     MD time /ps        :     0.2
     MD Temperature /K  :   500.0
     dt /fs             :     5.0
     dumpstep(trj) /fs  :     100
Starting MD   5 with the settings:
     MD time /ps        :     0.2
     MD Temperature /K  :   400.0
     dt /fs             :     5.0
     dumpstep(trj) /fs  :     100
Starting MD   6 with the settings:
     MD time /ps        :     0.2
     MD Temperature /K  :   500.0
     dt /fs             :     5.0
     dumpstep(trj) /fs  :     100
Starting MD   7 with the settings:
     MD time /ps        :     0.2
     MD Temperature /K  :   400.0
     dt /fs             :     5.0
     dumpstep(trj) /fs  :     100
Starting MD   8 with the settings:
     MD time /ps        :     0.2
     MD Temperature /K  :   500.0
     dt /fs             :     5.0
     dumpstep(trj) /fs  :     100
*MD 3 finished*
*MD 2 finished*
*MD 1 finished*
*MD 5 finished*
*MD 4 finished*
*MD 6 finished*
*MD 7 finished*
*MD 8 finished*
 Appending file crest_rotamers_2.xyz with new structures
 
 -------------------------------------------
 Ensemble optimization with tight thresholds
 -------------------------------------------
 Optimizing all 275 structures from file "crest_rotamers_2.xyz" ...
 1 2 3 4 5 6 7 8 9 10 11 12 13 14 15 16 17 18 19 20 21 22 23 24 25 26 27 28 29 30 31 32 33 34 35 36 37 38 39 40 41 42 43 44 45 46 47 48 49 50 51 52 53 54 55 56 57 58 59 60 61 62 63 64 65 66 67 68 69 70 71 72 73 74 75 76 77 78 79 80 81 82 83 84 85 86 87 88 89 90 91 92 93 94 95 96 97 98 99 100 101 102 103 104 105 106 107 108 109 110 111 112 113 114 115 116 117 118 119 120 121 122 123 124 125 126 127 128 129 130 131 132 133 134 135 136 137 138 139 140 141 142 143 144 145 146 147 148 149 150 151 152 153 154 155 156 157 158 159 160 161 162 163 164 165 166 167 168 169 170 171 172 173 174 175 176 177 178 179 180 181 182 183 184 185 186 187 188 189 190 191 192 193 194 195 196 197 198 199 200 201 202 203 204 205 206 207 208 209 210 211 212 213 214 215 216 217 218 219 220 221 222 223 224 225 226 227 228 229 230 231 232 233 234 235 236 237 238 239 240 241 242 243 244 245 246 247 248 249 250 251 252 253 254 255 256 257 258 259 260 261 262 263 264 265 266 267 268 269 270 271 272 273 274 275
 done.
 running RMSDs...
 done.
 E lowest :  -180.11659
 266 structures remain within     6.00 kcal/mol window
 
 
     ========================================
     |        Structure Crossing (GC)       |
     ========================================
 =============================
  # threads =          28
 =============================
 input  file name : crest_rotamers_4.xyz
number of atoms                :   132
number of points on xyz files  :   266
conformer energy window  /kcal :    6.00
CN per atom difference cut-off :  0.3000
RMSD threshold                 :  0.5000
max. # of generated structures : 25
 reading xyz file ...
 # in E window                266
 generating pairs ...       35510
  64.3 % done
  97.4 % done
 generated pairs           :        8677
 number of clash discarded :       26568
 average rmsd w.r.t input  : 3.06870
 sd of ensemble            : 1.06031
 number of new structures      :          20
 removed identical structures  :          30
 writing           20  TMPCONF* dirs ...
 --------------------------
 GC: loose pre-optimization
 --------------------------
 Starting optimization of generated structures
 20 jobs to do.
 1 2 3 4 5 6 7 8 9 10 11 12 13 14 15 16 17 18 19 20 
 done.
 Now appending opt.xyz file with new structures
 running RMSDs...
 done.
 E lowest :  -180.11649
 20 structures remain within    10.00 kcal/mol window
 --------------------------------------
 GC: optimization with tight thresholds
 --------------------------------------
 Optimizing all 20 structures from file "crest_rotamers_1.xyz" ...
 1 2 3 4 5 6 7 8 9 10 11 12 13 14 15 16 17 18 19 20
 done.
 running RMSDs...
 done.
 E lowest :  -180.11659
 
 
   ================================================
   |           Final Geometry Optimization        |
   ================================================
 ------------------------------------------------
 Ensemble optimization with very tight thresholds
 ------------------------------------------------
 Optimizing all 283 structures from file "crest_rotamers_5.xyz" ...
 1 2 3 4 5 6 7 8 9 10 11 12 13 14 15 16 17 18 19 20 21 22 23 24 25 26 27 28 29 30 31 32 33 34 35 36 37 38 39 40 41 42 43 44 45 46 47 48 49 50 51 52 53 54 55 56 57 58 59 60 61 62 63 64 65 66 67 68 69 70 71 72 73 74 75 76 77 78 79 80 81 82 83 84 85 86 87 88 89 90 91 92 93 94 95 96 97 98 99 100 101 102 103 104 105 106 107 108 109 110 111 112 113 114 115 116 117 118 119 120 121 122 123 124 125 126 127 128 129 130 131 132 133 134 135 136 137 138 139 140 141 142 143 144 145 146 147 148 149 150 151 152 153 154 155 156 157 158 159 160 161 162 163 164 165 166 167 168 169 170 171 172 173 174 175 176 177 178 179 180 181 182 183 184 185 186 187 188 189 190 191 192 193 194 195 196 197 198 199 200 201 202 203 204 205 206 207 208 209 210 211 212 213 214 215 216 217 218 219 220 221 222 223 224 225 226 227 228 229 230 231 232 233 234 235 236 237 238 239 240 241 242 243 244 245 246 247 248 249 250 251 252 253 254 255 256 257 258 259 260 261 262 263 264 265 266 267 268 269 270 271 272 273 274 275 276 277 278 279 280 281 282 283
 done.
 running RMSDs...
 done.
 E lowest :  -180.11659
 282 structures remain within     6.00 kcal/mol window
 
 input  file name : crest_rotamers_6.xyz
 output file name : crest_rotamers_7.xyz
 number of atoms                :   132
 number of points on xyz files  :   283
 RMSD threshold                 :   0.2500
 Bconst threshold               :   0.0100
 population threshold           :   0.0500
 conformer energy window  /kcal :   6.0000
 # fragment in coord            :     1
 # bonds in reference structure :   137
 number of reliable points      :   283
 reference state Etot :  -180.116594500000
 number of doubles removed by rot/RMSD         :           1
 total number unique points considered further :         282
       Erel/kcal        Etot weight/tot  conformer     set   degen     origin
       1   0.000  -180.11659    0.06129    0.06129       1       1     md1
       2   0.051  -180.11651    0.05623    0.10959       2       2     md2
       3   0.082  -180.11646    0.05336                                md2
       4   0.079  -180.11647    0.05363    0.05363       3       1     md7
       5   0.111  -180.11642    0.05082    0.05082       4       1     mtd11
       6   0.334  -180.11606    0.03490    0.06946       5       2     md5
       7   0.340  -180.11605    0.03455                                md6
       8   0.432  -180.11591    0.02958    0.02958       6       1     hor
       9   0.455  -180.11587    0.02845    0.02845       7       1     mtd3
      10   0.548  -180.11572    0.02434    0.02434       8       1     mtd10
      11   0.562  -180.11570    0.02375    0.04573       9       2     hor
      12   0.608  -180.11563    0.02197                                mtd8
      13   0.591  -180.11565    0.02262    0.02262      10       1     mtd11
      14   0.609  -180.11562    0.02193    0.04377      11       2     input
      15   0.612  -180.11562    0.02184                                mtd12
      16   0.621  -180.11561    0.02152    0.02152      12       1     mtd9
      17   0.711  -180.11546    0.01848    0.01848      13       1     hor
      18   0.771  -180.11537    0.01671    0.01671      14       1     md4
      19   0.792  -180.11533    0.01613    0.01613      15       1     hor
      20   0.815  -180.11530    0.01550    0.01550      16       1     md1
      21   0.866  -180.11521    0.01423    0.01423      17       1     hor
      22   0.880  -180.11519    0.01389    0.01389      18       1     md8
      23   0.920  -180.11513    0.01298    0.01298      19       1     hor
      24   0.963  -180.11506    0.01207    0.01207      20       1     mtd10
      25   0.971  -180.11505    0.01192    0.01192      21       1     hor
      26   1.059  -180.11491    0.01027    0.01027      22       1     hor
      27   1.060  -180.11491    0.01026    0.01026      23       1     mtd8
      28   1.068  -180.11489    0.01012    0.01012      24       1     mtd8
      29   1.071  -180.11489    0.01008    0.01008      25       1     hor
      30   1.122  -180.11481    0.00925    0.00925      26       1     mtd10
      31   1.224  -180.11464    0.00779    0.00779      27       1     hor
      32   1.225  -180.11464    0.00777    0.00777      28       1     mtd7
      33   1.268  -180.11457    0.00722    0.00722      29       1     md4
      34   1.329  -180.11448    0.00651    0.00651      30       1     hor
      35   1.348  -180.11445    0.00631    0.00631      31       1     mtd8
      36   1.371  -180.11441    0.00607    0.00607      32       1     hor
      37   1.379  -180.11440    0.00599    0.00599      33       1     hor
      38   1.412  -180.11434    0.00566    0.00566      34       1     hor
      39   1.414  -180.11434    0.00565    0.01124      35       2     mtd2
      40   1.420  -180.11433    0.00559                                mtd4
      41   1.419  -180.11433    0.00560    0.00560      36       1     mtd7
      42   1.460  -180.11427    0.00523    0.00523      37       1     mtd1
      43   1.502  -180.11420    0.00487    0.00487      38       1     hor
      44   1.515  -180.11418    0.00476    0.00950      39       2     hor
      45   1.518  -180.11418    0.00474                                hor
      46   1.530  -180.11416    0.00464    0.00464      40       1     hor
      47   1.541  -180.11414    0.00455    0.00455      41       1     mtd7
      48   1.562  -180.11410    0.00440    0.00440      42       1     hor
      49   1.572  -180.11409    0.00432    0.00432      43       1     hor
      50   1.579  -180.11408    0.00428    0.00428      44       1     hor
      51   1.588  -180.11406    0.00421    0.00421      45       1     mtd3
      52   1.596  -180.11405    0.00416    0.00416      46       1     hor
      53   1.613  -180.11402    0.00404    0.00404      47       1     mtd2
      54   1.730  -180.11384    0.00331    0.00331      48       1     mtd1
      55   1.754  -180.11380    0.00318    0.00318      49       1     hor
      56   1.755  -180.11380    0.00318    0.00318      50       1     hor
      57   1.780  -180.11376    0.00304    0.00304      51       1     hor
      58   1.800  -180.11373    0.00295    0.00295      52       1     hor
      59   1.833  -180.11367    0.00279    0.00557      53       2     hor
      60   1.834  -180.11367    0.00278                                hor
      61   1.863  -180.11362    0.00265    0.00265      54       1     hor
      62   1.883  -180.11359    0.00256    0.00256      55       1     mtd10
      63   1.933  -180.11351    0.00235    0.00468      56       2     mtd2
      64   1.940  -180.11350    0.00233                                hor
      65   1.943  -180.11350    0.00231    0.00231      57       1     mtd4
      66   1.945  -180.11349    0.00231    0.00231      58       1     mtd2
      67   1.938  -180.11351    0.00233    0.00233      59       1     mtd12
      68   1.952  -180.11348    0.00228    0.00228      60       1     mtd10
      69   1.969  -180.11346    0.00221    0.00221      61       1     mtd4
      70   1.986  -180.11343    0.00215    0.00215      62       1     hor
      71   2.002  -180.11340    0.00210    0.00210      63       1     mtd9
      72   2.005  -180.11340    0.00208    0.00208      64       1     mtd9
      73   2.007  -180.11340    0.00208    0.00208      65       1     mtd8
      74   2.012  -180.11339    0.00206    0.00206      66       1     hor
      75   2.019  -180.11338    0.00203    0.00203      67       1     hor
      76   2.024  -180.11337    0.00202    0.00402      68       2     hor
      77   2.028  -180.11336    0.00201                                hor
      78   2.079  -180.11328    0.00184    0.00184      69       1     hor
      79   2.080  -180.11328    0.00184    0.00184      70       1     hor
      80   2.161  -180.11315    0.00160    0.00160      71       1     mtd1
      81   2.195  -180.11310    0.00151    0.00151      72       1     hor
      82   2.196  -180.11310    0.00151    0.00151      73       1     mtd11
      83   2.236  -180.11303    0.00141    0.00141      74       1     hor
      84   2.242  -180.11302    0.00140    0.00279      75       2     hor
      85   2.245  -180.11302    0.00139                                hor
      86   2.250  -180.11301    0.00138    0.00138      76       1     hor
      87   2.258  -180.11300    0.00136    0.00265      77       2     hor
      88   2.291  -180.11294    0.00129                                hor
      89   2.294  -180.11294    0.00128    0.00128      78       1     mtd4
      90   2.296  -180.11293    0.00128    0.00128      79       1     hor
      91   2.259  -180.11299    0.00136    0.00136      80       1     hor
      92   2.324  -180.11289    0.00122    0.00122      81       1     hor
      93   2.329  -180.11288    0.00121    0.00121      82       1     hor
      94   2.331  -180.11288    0.00120    0.00120      83       1     hor
      95   2.343  -180.11286    0.00118    0.00118      84       1     hor
      96   2.369  -180.11282    0.00113    0.00113      85       1     mtd2
      97   2.391  -180.11278    0.00109    0.00109      86       1     mtd12
      98   2.417  -180.11274    0.00104    0.00104      87       1     mtd4
      99   2.418  -180.11274    0.00104    0.00104      88       1     hor
     100   2.425  -180.11273    0.00103    0.00103      89       1     hor
     101   2.460  -180.11267    0.00097    0.00097      90       1     mtd4
     102   2.461  -180.11267    0.00097    0.00097      91       1     hor
     103   2.473  -180.11265    0.00095    0.00095      92       1     hor
     104   2.480  -180.11264    0.00094    0.00094      93       1     mtd10
     105   2.496  -180.11262    0.00091    0.00091      94       1     hor
     106   2.498  -180.11261    0.00091    0.00091      95       1     mtd5
     107   2.503  -180.11261    0.00090    0.00090      96       1     mtd1
     108   2.523  -180.11257    0.00087    0.00087      97       1     hor
     109   2.524  -180.11257    0.00087    0.00087      98       1     hor
     110   2.524  -180.11257    0.00087    0.00087      99       1     hor
     111   2.526  -180.11257    0.00087    0.00087     100       1     mtd4
     112   2.527  -180.11257    0.00086    0.00086     101       1     hor
     113   2.529  -180.11256    0.00086    0.00086     102       1     mtd6
     114   2.539  -180.11255    0.00085    0.00085     103       1     mtd3
     115   2.548  -180.11253    0.00083    0.00083     104       1     hor
     116   2.561  -180.11251    0.00082    0.00082     105       1     hor
     117   2.582  -180.11248    0.00079    0.00079     106       1     hor
     118   2.603  -180.11245    0.00076    0.00076     107       1     hor
     119   2.613  -180.11243    0.00075    0.00075     108       1     hor
     120   2.627  -180.11241    0.00073    0.00073     109       1     hor
     121   2.633  -180.11240    0.00072    0.00072     110       1     mtd8
     122   2.638  -180.11239    0.00072    0.00072     111       1     hor
     123   2.684  -180.11232    0.00066    0.00066     112       1     hor
     124   2.702  -180.11229    0.00064    0.00064     113       1     mtd10
     125   2.704  -180.11229    0.00064    0.00064     114       1     hor
     126   2.765  -180.11219    0.00058    0.00058     115       1     mtd1
     127   2.772  -180.11218    0.00057    0.00057     116       1     hor
     128   2.773  -180.11218    0.00057    0.00057     117       1     mtd2
     129   2.782  -180.11216    0.00056    0.00056     118       1     mtd11
     130   2.791  -180.11215    0.00055    0.00055     119       1     hor
     131   2.793  -180.11214    0.00055    0.00055     120       1     gc
     132   2.810  -180.11212    0.00054    0.00054     121       1     hor
     133   2.820  -180.11210    0.00053    0.00053     122       1     mtd8
     134   2.893  -180.11198    0.00047    0.00047     123       1     hor
     135   2.894  -180.11198    0.00047    0.00047     124       1     hor
     136   2.914  -180.11195    0.00045    0.00045     125       1     hor
     137   2.951  -180.11189    0.00042    0.00042     126       1     mtd1
     138   2.951  -180.11189    0.00042    0.00042     127       1     mtd7
     139   2.964  -180.11187    0.00041    0.00041     128       1     hor
     140   2.968  -180.11186    0.00041    0.00041     129       1     hor
     141   2.968  -180.11186    0.00041    0.00041     130       1     hor
     142   3.010  -180.11180    0.00038    0.00038     131       1     hor
     143   3.013  -180.11179    0.00038    0.00038     132       1     hor
     144   3.021  -180.11178    0.00038    0.00038     133       1     hor
     145   3.039  -180.11175    0.00036    0.00036     134       1     hor
     146   3.043  -180.11175    0.00036    0.00036     135       1     hor
     147   3.050  -180.11173    0.00036    0.00036     136       1     hor
     148   3.060  -180.11172    0.00035    0.00035     137       1     hor
     149   3.065  -180.11171    0.00035    0.00035     138       1     hor
     150   3.073  -180.11170    0.00034    0.00034     139       1     mtd8
     151   3.082  -180.11168    0.00034    0.00034     140       1     gc
     152   3.097  -180.11166    0.00033    0.00033     141       1     hor
     153   3.100  -180.11165    0.00033    0.00033     142       1     hor
     154   3.117  -180.11163    0.00032    0.00032     143       1     hor
     155   3.124  -180.11162    0.00032    0.00032     144       1     hor
     156   3.131  -180.11160    0.00031    0.00031     145       1     hor
     157   3.132  -180.11160    0.00031    0.00031     146       1     mtd2
     158   3.190  -180.11151    0.00028    0.00028     147       1     hor
     159   3.223  -180.11146    0.00027    0.00027     148       1     hor
     160   3.234  -180.11144    0.00026    0.00026     149       1     gc
     161   3.238  -180.11143    0.00026    0.00026     150       1     hor
     162   3.261  -180.11140    0.00025    0.00025     151       1     hor
     163   3.309  -180.11132    0.00023    0.00023     152       1     hor
     164   3.314  -180.11131    0.00023    0.00023     153       1     hor
     165   3.328  -180.11129    0.00022    0.00022     154       1     hor
     166   3.388  -180.11120    0.00020    0.00020     155       1     hor
     167   3.402  -180.11117    0.00020    0.00020     156       1     mtd5
     168   3.455  -180.11109    0.00018    0.00018     157       1     hor
     169   3.458  -180.11108    0.00018    0.00018     158       1     hor
     170   3.470  -180.11106    0.00018    0.00018     159       1     hor
     171   3.476  -180.11106    0.00017    0.00017     160       1     hor
     172   3.479  -180.11105    0.00017    0.00017     161       1     hor
     173   3.498  -180.11102    0.00017    0.00017     162       1     gc
     174   3.526  -180.11097    0.00016    0.00016     163       1     hor
     175   3.580  -180.11089    0.00015    0.00015     164       1     hor
     176   3.597  -180.11086    0.00014    0.00028     165       2     mtd5
     177   3.612  -180.11084    0.00014                                hor
     178   3.620  -180.11083    0.00014    0.00014     166       1     mtd5
     179   3.603  -180.11085    0.00014    0.00014     167       1     mtd8
     180   3.620  -180.11083    0.00014    0.00014     168       1     hor
     181   3.638  -180.11080    0.00013    0.00013     169       1     mtd11
     182   3.640  -180.11079    0.00013    0.00013     170       1     hor
     183   3.641  -180.11079    0.00013    0.00013     171       1     hor
     184   3.642  -180.11079    0.00013    0.00013     172       1     mtd12
     185   3.646  -180.11078    0.00013    0.00013     173       1     mtd2
     186   3.677  -180.11073    0.00012    0.00012     174       1     mtd12
     187   3.680  -180.11073    0.00012    0.00012     175       1     hor
     188   3.703  -180.11069    0.00012    0.00012     176       1     mtd1
     189   3.773  -180.11058    0.00011    0.00011     177       1     hor
     190   3.779  -180.11057    0.00010    0.00010     178       1     hor
     191   3.790  -180.11055    0.00010    0.00010     179       1     hor
     192   3.802  -180.11054    0.00010    0.00010     180       1     hor
     193   3.812  -180.11052    0.00010    0.00010     181       1     hor
     194   3.818  -180.11051    0.00010    0.00010     182       1     mtd9
     195   3.821  -180.11051    0.00010    0.00010     183       1     mtd1
     196   3.825  -180.11050    0.00010    0.00010     184       1     hor
     197   3.828  -180.11049    0.00010    0.00019     185       2     mtd9
     198   3.834  -180.11048    0.00010                                mtd9
     199   3.916  -180.11035    0.00008    0.00008     186       1     hor
     200   3.939  -180.11032    0.00008    0.00008     187       1     hor
     201   3.941  -180.11031    0.00008    0.00008     188       1     gc
     202   3.942  -180.11031    0.00008    0.00008     189       1     gc
     203   3.951  -180.11030    0.00008    0.00008     190       1     hor
     204   3.955  -180.11029    0.00008    0.00008     191       1     mtd9
     205   3.956  -180.11029    0.00008    0.00008     192       1     hor
     206   3.998  -180.11022    0.00007    0.00007     193       1     hor
     207   4.005  -180.11021    0.00007    0.00007     194       1     hor
     208   4.008  -180.11021    0.00007    0.00007     195       1     mtd3
     209   4.022  -180.11019    0.00007    0.00007     196       1     mtd1
     210   4.041  -180.11016    0.00007    0.00007     197       1     hor
     211   4.071  -180.11011    0.00006    0.00006     198       1     mtd1
     212   4.107  -180.11005    0.00006    0.00006     199       1     mtd2
     213   4.111  -180.11004    0.00006    0.00006     200       1     mtd6
     214   4.161  -180.10996    0.00005    0.00005     201       1     gc
     215   4.163  -180.10996    0.00005    0.00005     202       1     hor
     216   4.168  -180.10995    0.00005    0.00005     203       1     mtd1
     217   4.187  -180.10992    0.00005    0.00005     204       1     mtd8
     218   4.201  -180.10990    0.00005    0.00005     205       1     hor
     219   4.203  -180.10990    0.00005    0.00005     206       1     hor
     220   4.217  -180.10987    0.00005    0.00005     207       1     mtd5
     221   4.252  -180.10982    0.00005    0.00005     208       1     hor
     222   4.255  -180.10981    0.00005    0.00005     209       1     hor
     223   4.260  -180.10981    0.00005    0.00005     210       1     hor
     224   4.286  -180.10976    0.00004    0.00004     211       1     gc
     225   4.296  -180.10975    0.00004    0.00004     212       1     hor
     226   4.297  -180.10975    0.00004    0.00004     213       1     hor
     227   4.325  -180.10970    0.00004    0.00004     214       1     hor
     228   4.325  -180.10970    0.00004    0.00004     215       1     hor
     229   4.376  -180.10962    0.00004    0.00004     216       1     hor
     230   4.381  -180.10961    0.00004    0.00004     217       1     hor
     231   4.402  -180.10958    0.00004    0.00004     218       1     hor
     232   4.415  -180.10956    0.00004    0.00004     219       1     gc
     233   4.417  -180.10956    0.00004    0.00004     220       1     hor
     234   4.443  -180.10951    0.00003    0.00003     221       1     mtd10
     235   4.461  -180.10949    0.00003    0.00003     222       1     hor
     236   4.507  -180.10941    0.00003    0.00003     223       1     hor
     237   4.546  -180.10935    0.00003    0.00003     224       1     hor
     238   4.569  -180.10931    0.00003    0.00003     225       1     hor
     239   4.573  -180.10931    0.00003    0.00003     226       1     mtd3
     240   4.579  -180.10930    0.00003    0.00003     227       1     hor
     241   4.582  -180.10929    0.00003    0.00003     228       1     hor
     242   4.584  -180.10929    0.00003    0.00003     229       1     mtd8
     243   4.627  -180.10922    0.00003    0.00003     230       1     hor
     244   4.632  -180.10921    0.00002    0.00002     231       1     mtd6
     245   4.687  -180.10913    0.00002    0.00002     232       1     hor
     246   4.699  -180.10911    0.00002    0.00002     233       1     hor
     247   4.720  -180.10907    0.00002    0.00002     234       1     hor
     248   4.758  -180.10901    0.00002    0.00002     235       1     hor
     249   4.783  -180.10897    0.00002    0.00002     236       1     hor
     250   4.852  -180.10886    0.00002    0.00002     237       1     hor
     251   4.864  -180.10884    0.00002    0.00002     238       1     mtd5
     252   4.870  -180.10883    0.00002    0.00002     239       1     hor
     253   4.893  -180.10880    0.00002    0.00002     240       1     mtd4
     254   4.936  -180.10873    0.00001    0.00001     241       1     hor
     255   4.939  -180.10872    0.00001    0.00001     242       1     hor
     256   4.983  -180.10865    0.00001    0.00001     243       1     hor
     257   4.988  -180.10865    0.00001    0.00001     244       1     hor
     258   5.030  -180.10858    0.00001    0.00001     245       1     mtd5
     259   5.062  -180.10853    0.00001    0.00001     246       1     hor
     260   5.074  -180.10851    0.00001    0.00001     247       1     hor
     261   5.091  -180.10848    0.00001    0.00001     248       1     gc
     262   5.100  -180.10847    0.00001    0.00001     249       1     mtd8
     263   5.127  -180.10842    0.00001    0.00001     250       1     hor
     264   5.162  -180.10837    0.00001    0.00001     251       1     hor
     265   5.163  -180.10837    0.00001    0.00001     252       1     hor
     266   5.199  -180.10831    0.00001    0.00001     253       1     mtd10
     267   5.206  -180.10830    0.00001    0.00001     254       1     gc
     268   5.236  -180.10825    0.00001    0.00001     255       1     gc
     269   5.237  -180.10825    0.00001    0.00001     256       1     gc
     270   5.267  -180.10820    0.00001    0.00001     257       1     gc
     271   5.272  -180.10819    0.00001    0.00001     258       1     gc
     272   5.276  -180.10819    0.00001    0.00001     259       1     gc
     273   5.284  -180.10817    0.00001    0.00001     260       1     gc
     274   5.310  -180.10813    0.00001    0.00001     261       1     hor
     275   5.441  -180.10792    0.00001    0.00001     262       1     mtd4
     276   5.491  -180.10784    0.00001    0.00001     263       1     mtd1
     277   5.598  -180.10767    0.00000    0.00000     264       1     hor
     278   5.717  -180.10748    0.00000    0.00000     265       1     hor
     279   5.733  -180.10746    0.00000    0.00000     266       1     hor
     280   5.739  -180.10745    0.00000    0.00000     267       1     mtd2
     281   5.794  -180.10736    0.00000    0.00000     268       1     mtd10
     282   5.877  -180.10723    0.00000    0.00000     269       1     mtd8
T /K                                  :   298.15
E lowest                              :  -180.11659
ensemble average energy (kcal)        :    0.810
ensemble entropy (J/mol K, cal/mol K) :   34.576    8.264
ensemble free energy (kcal/mol)       :   -2.464
population of lowest in %             :    6.129
 number of unique conformers for further calc          269
 list of relative energies saved as "crest.energies"
 
 -----------------
 Wall Time Summary
 -----------------
             test MD wall time :         0h : 0m :36s
                 MTD wall time :         0h : 3m :29s
      multilevel OPT wall time :         0h :12m :36s
                  MD wall time :         0h : 1m :18s
                  GC wall time :         0h : 1m :25s
--------------------
Overall wall time  : 0h :20m : 2s
 
 CREST terminated normally.
